===== BUILD 2026-10-06T21:16:24Z =====
ANDROID_HOME=/usr/local/lib/android/sdk
build-tools: /usr/local/lib/android/sdk/build-tools/37.0.0
platform:    /usr/local/lib/android/sdk/platforms/android-37.2
android.jar: ok
--- 1. aapt2 compile ---
res.zip: 1920 bytes
--- 2. aapt2 link ---
unsigned: 15711 bytes
--- 3. javac ---
fontes: 2
Note: src/com/thiairo/lumen/MainActivity.java uses or overrides a deprecated API.
Note: Recompile with -Xlint:deprecation for details.
classes: 11
--- 4. d8 ---
entradas: 11
total 12
-rw-r--r-- 1 runner runner 11384 Oct  6 21:16 classes.dex
--- 5. dex no apk ---
Archive:  build/stack.apk
  Length      Date    Time    Name
---------  ---------- -----   ----
     2640  1980-01-01 00:00   AndroidManifest.xml
      456  1980-01-01 00:00   res/drawable/ic_launcher_bg.xml
     1032  1980-01-01 00:00   resources.arsc
    40031  1980-01-01 00:00   assets/index.html
    11384  2026-10-06 21:16   classes.dex
---------                     -------
    55543                     5 files
--- 6. zipalign ---
alinhado: 21423 bytes
--- 7. assinar ---
	for: CN=Lumen, OU=Dev, O=Thiairo, L=SP, C=BR
[Storing build/lumen.keystore]
assinado: 29209 bytes
--- 8. verificar ---
V3.0 Signer: certificate DN: CN=Lumen, OU=Dev, O=Thiairo, L=SP, C=BR
V3.0 Signer: certificate SHA-256 digest: b5f90a19a8a5b3a6bc00b19084fd3032ddda5ac1037089e2e958453227974f2d
V3.0 Signer: certificate SHA-1 digest: 207a44b1b41fbd93e3ec90196b8c5322cc0ed55c
V3.0 Signer: certificate MD5 digest: 72c72ca4f62f09ed4deca7fc5691be15
===== FIM =====
